HTTP/1.1 200 OK
Content-Length: 71

Requests: 8
Header bytes: 320
Body bytes: 5968
Errors: 0
Error bytes: 0
HTTP/1.1 200 OK
Content-Length: 73

Requests: 17
Header bytes: 679
Body bytes: 12007
Errors: 0
Error bytes: 0
HTTP/1.1 200 OK
Content-Length: 74

Requests: 26
Header bytes: 1038
Body bytes: 18048
Errors: 0
Error bytes: 0
HTTP/1.1 200 OK
Content-Length: 74

Requests: 35
Header bytes: 1397
Body bytes: 24090
Errors: 0
Error bytes: 0
HTTP/1.1 200 OK
Content-Length: 74

Requests: 44
Header bytes: 1756
Body bytes: 30132
Errors: 0
Error bytes: 0
HTTP/1.1 200 OK
Content-Length: 74

Requests: 53
Header bytes: 2115
Body bytes: 36174
Errors: 0
Error bytes: 0
HTTP/1.1 200 OK
Content-Length: 74

Requests: 62
Header bytes: 2474
Body bytes: 42216
Errors: 0
Error bytes: 0
HTTP/1.1 200 OK
Content-Length: 74

Requests: 71
Header bytes: 2833
Body bytes: 48258
Errors: 0
Error bytes: 0
HTTP/1.1 200 OK
Content-Length: 74

Requests: 80
Header bytes: 3192
Body bytes: 54300
Errors: 0
Error bytes: 0
HTTP/1.1 200 OK
Content-Length: 74

Requests: 89
Header bytes: 3551
Body bytes: 60342
Errors: 0
Error bytes: 0
HTTP/1.1 200 OK
Content-Length: 74

Requests: 98
Header bytes: 3910
Body bytes: 66384
Errors: 0
Error bytes: 0
HTTP/1.1 200 OK
Content-Length: 75

Requests: 107
Header bytes: 4269
Body bytes: 72426
Errors: 0
Error bytes: 0
HTTP/1.1 200 OK
Content-Length: 75

Requests: 116
Header bytes: 4628
Body bytes: 78469
Errors: 0
Error bytes: 0
HTTP/1.1 200 OK
Content-Length: 75

Requests: 125
Header bytes: 4987
Body bytes: 84512
Errors: 0
Error bytes: 0
HTTP/1.1 200 OK
Content-Length: 75

Requests: 134
Header bytes: 5346
Body bytes: 90555
Errors: 0
Error bytes: 0
HTTP/1.1 200 OK
Content-Length: 75

Requests: 143
Header bytes: 5705
Body bytes: 96598
Errors: 0
Error bytes: 0
HTTP/1.1 200 OK
Content-Length: 76

Requests: 152
Header bytes: 6064
Body bytes: 102641
Errors: 0
Error bytes: 0
HTTP/1.1 200 OK
Content-Length: 76

Requests: 161
Header bytes: 6423
Body bytes: 108685
Errors: 0
Error bytes: 0
HTTP/1.1 200 OK
Content-Length: 76

Requests: 170
Header bytes: 6782
Body bytes: 114729
Errors: 0
Error bytes: 0
HTTP/1.1 200 OK
Content-Length: 76

Requests: 179
Header bytes: 7141
Body bytes: 120773
Errors: 0
Error bytes: 0
HTTP/1.1 200 OK
Content-Length: 76

Requests: 188
Header bytes: 7500
Body bytes: 126817
Errors: 0
Error bytes: 0
HTTP/1.1 200 OK
Content-Length: 76

Requests: 197
Header bytes: 7859
Body bytes: 132861
Errors: 0
Error bytes: 0
HTTP/1.1 200 OK
Content-Length: 76

Requests: 206
Header bytes: 8218
Body bytes: 138905
Errors: 0
Error bytes: 0
HTTP/1.1 200 OK
Content-Length: 76

Requests: 215
Header bytes: 8577
Body bytes: 144949
Errors: 0
Error bytes: 0
HTTP/1.1 200 OK
Content-Length: 76

Requests: 224
Header bytes: 8936
Body bytes: 150993
Errors: 0
Error bytes: 0
HTTP/1.1 200 OK
Content-Length: 76

Requests: 233
Header bytes: 9295
Body bytes: 157037
Errors: 0
Error bytes: 0
HTTP/1.1 200 OK
Content-Length: 76

Requests: 242
Header bytes: 9654
Body bytes: 163081
Errors: 0
Error bytes: 0
HTTP/1.1 200 OK
Content-Length: 77

Requests: 251
Header bytes: 10013
Body bytes: 169125
Errors: 0
Error bytes: 0
HTTP/1.1 200 OK
Content-Length: 77

Requests: 260
Header bytes: 10372
Body bytes: 175170
Errors: 0
Error bytes: 0
HTTP/1.1 200 OK
Content-Length: 77

Requests: 269
Header bytes: 10731
Body bytes: 181215
Errors: 0
Error bytes: 0
HTTP/1.1 200 OK
Content-Length: 77

Requests: 278
Header bytes: 11090
Body bytes: 187260
Errors: 0
Error bytes: 0
HTTP/1.1 200 OK
Content-Length: 77

Requests: 287
Header bytes: 11449
Body bytes: 193305
Errors: 0
Error bytes: 0
HTTP/1.1 200 OK
Content-Length: 77

Requests: 296
Header bytes: 11808
Body bytes: 199350
Errors: 0
Error bytes: 0
HTTP/1.1 200 OK
Content-Length: 77

Requests: 305
Header bytes: 12167
Body bytes: 205395
Errors: 0
Error bytes: 0
HTTP/1.1 200 OK
Content-Length: 77

Requests: 314
Header bytes: 12526
Body bytes: 211440
Errors: 0
Error bytes: 0
HTTP/1.1 200 OK
Content-Length: 77

Requests: 323
Header bytes: 12885
Body bytes: 217485
Errors: 0
Error bytes: 0
HTTP/1.1 200 OK
Content-Length: 77

Requests: 332
Header bytes: 13244
Body bytes: 223530
Errors: 0
Error bytes: 0
HTTP/1.1 200 OK
Content-Length: 77

Requests: 341
Header bytes: 13603
Body bytes: 229575
Errors: 0
Error bytes: 0
HTTP/1.1 200 OK
Content-Length: 77

Requests: 350
Header bytes: 13962
Body bytes: 235620
Errors: 0
Error bytes: 0
HTTP/1.1 200 OK
Content-Length: 77

Requests: 359
Header bytes: 14321
Body bytes: 241665
Errors: 0
Error bytes: 0
HTTP/1.1 200 OK
Content-Length: 77

Requests: 368
Header bytes: 14680
Body bytes: 247710
Errors: 0
Error bytes: 0
HTTP/1.1 200 OK
Content-Length: 77

Requests: 377
Header bytes: 15039
Body bytes: 253755
Errors: 0
Error bytes: 0
HTTP/1.1 200 OK
Content-Length: 77

Requests: 386
Header bytes: 15398
Body bytes: 259800
Errors: 0
Error bytes: 0
HTTP/1.1 200 OK
Content-Length: 77

Requests: 395
Header bytes: 15757
Body bytes: 265845
Errors: 0
Error bytes: 0
HTTP/1.1 200 OK
Content-Length: 77

Requests: 404
Header bytes: 16116
Body bytes: 271890
Errors: 0
Error bytes: 0
HTTP/1.1 200 OK
Content-Length: 77

Requests: 413
Header bytes: 16475
Body bytes: 277935
Errors: 0
Error bytes: 0
HTTP/1.1 200 OK
Content-Length: 77

Requests: 422
Header bytes: 16834
Body bytes: 283980
Errors: 0
Error bytes: 0
HTTP/1.1 200 OK
Content-Length: 77

Requests: 431
Header bytes: 17193
Body bytes: 290025
Errors: 0
Error bytes: 0
HTTP/1.1 200 OK
Content-Length: 77

Requests: 440
Header bytes: 17552
Body bytes: 296070
Errors: 0
Error bytes: 0
HTTP/1.1 200 OK
Content-Length: 77

Requests: 449
Header bytes: 17911
Body bytes: 302115
Errors: 0
Error bytes: 0
HTTP/1.1 200 OK
Content-Length: 77

Requests: 458
Header bytes: 18270
Body bytes: 308160
Errors: 0
Error bytes: 0
HTTP/1.1 200 OK
Content-Length: 77

Requests: 467
Header bytes: 18629
Body bytes: 314205
Errors: 0
Error bytes: 0
HTTP/1.1 200 OK
Content-Length: 77

Requests: 476
Header bytes: 18988
Body bytes: 320250
Errors: 0
Error bytes: 0
HTTP/1.1 200 OK
Content-Length: 77

Requests: 485
Header bytes: 19347
Body bytes: 326295
Errors: 0
Error bytes: 0
HTTP/1.1 200 OK
Content-Length: 77

Requests: 494
Header bytes: 19706
Body bytes: 332340
Errors: 0
Error bytes: 0
HTTP/1.1 200 OK
Content-Length: 77

Requests: 503
Header bytes: 20065
Body bytes: 338385
Errors: 0
Error bytes: 0
HTTP/1.1 200 OK
Content-Length: 77

Requests: 512
Header bytes: 20424
Body bytes: 344430
Errors: 0
Error bytes: 0
HTTP/1.1 200 OK
Content-Length: 77

Requests: 521
Header bytes: 20783
Body bytes: 350475
Errors: 0
Error bytes: 0
HTTP/1.1 200 OK
Content-Length: 77

Requests: 530
Header bytes: 21142
Body bytes: 356520
Errors: 0
Error bytes: 0
HTTP/1.1 200 OK
Content-Length: 77

Requests: 539
Header bytes: 21501
Body bytes: 362565
Errors: 0
Error bytes: 0
HTTP/1.1 200 OK
Content-Length: 77

Requests: 548
Header bytes: 21860
Body bytes: 368610
Errors: 0
Error bytes: 0
HTTP/1.1 200 OK
Content-Length: 77

Requests: 557
Header bytes: 22219
Body bytes: 374655
Errors: 0
Error bytes: 0
HTTP/1.1 200 OK
Content-Length: 77

Requests: 566
Header bytes: 22578
Body bytes: 380700
Errors: 0
Error bytes: 0
HTTP/1.1 200 OK
Content-Length: 77

Requests: 575
Header bytes: 22937
Body bytes: 386745
Errors: 0
Error bytes: 0
HTTP/1.1 200 OK
Content-Length: 77

Requests: 584
Header bytes: 23296
Body bytes: 392790
Errors: 0
Error bytes: 0
HTTP/1.1 200 OK
Content-Length: 77

Requests: 593
Header bytes: 23655
Body bytes: 398835
Errors: 0
Error bytes: 0
HTTP/1.1 200 OK
Content-Length: 77

Requests: 602
Header bytes: 24014
Body bytes: 404880
Errors: 0
Error bytes: 0
HTTP/1.1 200 OK
Content-Length: 77

Requests: 611
Header bytes: 24373
Body bytes: 410925
Errors: 0
Error bytes: 0
HTTP/1.1 200 OK
Content-Length: 77

Requests: 620
Header bytes: 24732
Body bytes: 416970
Errors: 0
Error bytes: 0
HTTP/1.1 200 OK
Content-Length: 77

Requests: 629
Header bytes: 25091
Body bytes: 423015
Errors: 0
Error bytes: 0
HTTP/1.1 200 OK
Content-Length: 77

Requests: 638
Header bytes: 25450
Body bytes: 429060
Errors: 0
Error bytes: 0
HTTP/1.1 200 OK
Content-Length: 77

Requests: 647
Header bytes: 25809
Body bytes: 435105
Errors: 0
Error bytes: 0
HTTP/1.1 200 OK
Content-Length: 77

Requests: 656
Header bytes: 26168
Body bytes: 441150
Errors: 0
Error bytes: 0
HTTP/1.1 200 OK
Content-Length: 77

Requests: 665
Header bytes: 26527
Body bytes: 447195
Errors: 0
Error bytes: 0
HTTP/1.1 200 OK
Content-Length: 77

Requests: 674
Header bytes: 26886
Body bytes: 453240
Errors: 0
Error bytes: 0
HTTP/1.1 200 OK
Content-Length: 77

Requests: 683
Header bytes: 27245
Body bytes: 459285
Errors: 0
Error bytes: 0
HTTP/1.1 200 OK
Content-Length: 77

Requests: 692
Header bytes: 27604
Body bytes: 465330
Errors: 0
Error bytes: 0
HTTP/1.1 200 OK
Content-Length: 77

Requests: 701
Header bytes: 27963
Body bytes: 471375
Errors: 0
Error bytes: 0
HTTP/1.1 200 OK
Content-Length: 77

Requests: 710
Header bytes: 28322
Body bytes: 477420
Errors: 0
Error bytes: 0
HTTP/1.1 200 OK
Content-Length: 77

Requests: 719
Header bytes: 28681
Body bytes: 483465
Errors: 0
Error bytes: 0
HTTP/1.1 200 OK
Content-Length: 77

Requests: 728
Header bytes: 29040
Body bytes: 489510
Errors: 0
Error bytes: 0
HTTP/1.1 200 OK
Content-Length: 77

Requests: 737
Header bytes: 29399
Body bytes: 495555
Errors: 0
Error bytes: 0
HTTP/1.1 200 OK
Content-Length: 77

Requests: 746
Header bytes: 29758
Body bytes: 501600
Errors: 0
Error bytes: 0
HTTP/1.1 200 OK
Content-Length: 77

Requests: 755
Header bytes: 30117
Body bytes: 507645
Errors: 0
Error bytes: 0
HTTP/1.1 200 OK
Content-Length: 77

Requests: 764
Header bytes: 30476
Body bytes: 513690
Errors: 0
Error bytes: 0
HTTP/1.1 200 OK
Content-Length: 77

Requests: 773
Header bytes: 30835
Body bytes: 519735
Errors: 0
Error bytes: 0
HTTP/1.1 200 OK
Content-Length: 77

Requests: 782
Header bytes: 31194
Body bytes: 525780
Errors: 0
Error bytes: 0
HTTP/1.1 200 OK
Content-Length: 77

Requests: 791
Header bytes: 31553
Body bytes: 531825
Errors: 0
Error bytes: 0
HTTP/1.1 200 OK
Content-Length: 77

Requests: 800
Header bytes: 31912
Body bytes: 537870
Errors: 0
Error bytes: 0
HTTP/1.1 200 OK
Content-Length: 77

Requests: 809
Header bytes: 32271
Body bytes: 543915
Errors: 0
Error bytes: 0
HTTP/1.1 200 OK
Content-Length: 77

Requests: 818
Header bytes: 32630
Body bytes: 549960
Errors: 0
Error bytes: 0
HTTP/1.1 200 OK
Content-Length: 77

Requests: 827
Header bytes: 32989
Body bytes: 556005
Errors: 0
Error bytes: 0
HTTP/1.1 200 OK
Content-Length: 77

Requests: 836
Header bytes: 33348
Body bytes: 562050
Errors: 0
Error bytes: 0
HTTP/1.1 200 OK
Content-Length: 77

Requests: 845
Header bytes: 33707
Body bytes: 568095
Errors: 0
Error bytes: 0
HTTP/1.1 200 OK
Content-Length: 77

Requests: 854
Header bytes: 34066
Body bytes: 574140
Errors: 0
Error bytes: 0
HTTP/1.1 200 OK
Content-Length: 77

Requests: 863
Header bytes: 34425
Body bytes: 580185
Errors: 0
Error bytes: 0
HTTP/1.1 200 OK
Content-Length: 77

Requests: 872
Header bytes: 34784
Body bytes: 586230
Errors: 0
Error bytes: 0
HTTP/1.1 200 OK
Content-Length: 77

Requests: 881
Header bytes: 35143
Body bytes: 592275
Errors: 0
Error bytes: 0
HTTP/1.1 200 OK
Content-Length: 77

Requests: 890
Header bytes: 35502
Body bytes: 598320
Errors: 0
Error bytes: 0
HTTP/1.1 200 OK
Content-Length: 77

Requests: 899
Header bytes: 35861
Body bytes: 604365
Errors: 0
Error bytes: 0
HTTP/1.1 200 OK
Content-Length: 77

Requests: 900
Header bytes: 35900
Body bytes: 604442
Errors: 0
Error bytes: 0
